../Core/Src/main.c:78:5:main	8	static
../Core/Src/main.c:130:6:SystemClock_Config	88	static
../Core/Src/main.c:172:13:MX_CRC_Init	8	static
../Core/Src/main.c:198:13:MX_SPI1_Init	8	static
../Core/Src/main.c:236:13:MX_SPI2_Init	8	static
../Core/Src/main.c:274:13:MX_TIM2_Init	32	static
../Core/Src/main.c:317:13:MX_DMA_Init	16	static
../Core/Src/main.c:335:13:MX_GPIO_Init	40	static
../Core/Src/main.c:390:6:HAL_TIM_PeriodElapsedCallback	16	static
../Core/Src/main.c:405:6:Error_Handler	4	static,ignoring_inline_asm
