../Core/Src/main.c:78:5:main	8	static
../Core/Src/main.c:132:6:SystemClock_Config	88	static
../Core/Src/main.c:179:13:MX_CRC_Init	8	static
../Core/Src/main.c:205:13:MX_SPI1_Init	8	static
../Core/Src/main.c:243:13:MX_SPI2_Init	8	static
../Core/Src/main.c:281:13:MX_TIM2_Init	32	static
../Core/Src/main.c:324:13:MX_DMA_Init	16	static
../Core/Src/main.c:342:13:MX_GPIO_Init	40	static
../Core/Src/main.c:397:6:HAL_TIM_PeriodElapsedCallback	16	static
../Core/Src/main.c:412:6:Error_Handler	4	static,ignoring_inline_asm
